// Jest Snapshot v1, https://goo.gl/fbAQLP

exports[`Header renders correctly 1`] = `
<div
  className="Header"
>
  <header
    className="container"
  >
    <div
      className="Header__Branding"
    >
      <a
        href="/"
        onClick={[Function]}
      >
        <img
          alt="some title"
          className="Header__Logo"
          src="some url"
        />
        <h1
          className="Header__title"
        >
          some title
        </h1>
      </a>
    </div>
    <div
      className="Navigation Navigation--Closed"
    >
      <nav>
        <ul>
          <li>
            <a
              href="/configure"
              onClick={[Function]}
            >
              Configure Quiz
            </a>
          </li>
          <li>
            <a
              href="/try"
              onClick={[Function]}
            >
              Try Existing 
            </a>
          </li>
        </ul>
      </nav>
      <button
        className="toggleButton"
        onClick={[Function]}
      >
        <span
          className="line"
        />
        <span
          className="line"
        />
        <span
          className="line"
        />
      </button>
    </div>
  </header>
</div>
`;
